------------------------------------------------------------
Timing Analyzer Summary
------------------------------------------------------------

Type  : Slow 1100mV 85C Model Setup 'i_system_bd|spi_engine_pll|altera_pll_i|general[0].gpll~PLL_OUTPUT_COUNTER|divclk'
Slack : -0.119
TNS   : -0.119

Type  : Slow 1100mV 85C Model Setup 'i_system_bd|hdmi_pll|altera_pll_i|general[0].gpll~PLL_OUTPUT_COUNTER|divclk'
Slack : 0.250
TNS   : 0.000

Type  : Slow 1100mV 85C Model Setup 'i_system_bd|sys_hps|fpga_interfaces|clocks_resets|h2f_user1_clk'
Slack : 1.751
TNS   : 0.000

Type  : Slow 1100mV 85C Model Setup 'system_bd:i_system_bd|system_bd_sys_hps:sys_hps|system_bd_sys_hps_hps_io:hps_io|system_bd_sys_hps_hps_io_border:border|hps_sdram:hps_sdram_inst|hps_sdram_pll:pll|afi_clk_write_clk'
Slack : 1.935
TNS   : 0.000

Type  : Slow 1100mV 85C Model Setup 'altera_reserved_tck'
Slack : 11.229
TNS   : 0.000

Type  : Slow 1100mV 85C Model Hold 'system_bd:i_system_bd|system_bd_sys_hps:sys_hps|system_bd_sys_hps_hps_io:hps_io|system_bd_sys_hps_hps_io_border:border|hps_sdram:hps_sdram_inst|hps_sdram_pll:pll|afi_clk_write_clk'
Slack : 0.188
TNS   : 0.000

Type  : Slow 1100mV 85C Model Hold 'altera_reserved_tck'
Slack : 0.281
TNS   : 0.000

Type  : Slow 1100mV 85C Model Hold 'i_system_bd|sys_hps|fpga_interfaces|clocks_resets|h2f_user1_clk'
Slack : 0.369
TNS   : 0.000

Type  : Slow 1100mV 85C Model Hold 'i_system_bd|hdmi_pll|altera_pll_i|general[0].gpll~PLL_OUTPUT_COUNTER|divclk'
Slack : 0.423
TNS   : 0.000

Type  : Slow 1100mV 85C Model Hold 'i_system_bd|spi_engine_pll|altera_pll_i|general[0].gpll~PLL_OUTPUT_COUNTER|divclk'
Slack : 0.447
TNS   : 0.000

Type  : Slow 1100mV 85C Model Recovery 'i_system_bd|hdmi_pll|altera_pll_i|general[0].gpll~PLL_OUTPUT_COUNTER|divclk'
Slack : 1.585
TNS   : 0.000

Type  : Slow 1100mV 85C Model Recovery 'system_bd:i_system_bd|system_bd_sys_hps:sys_hps|system_bd_sys_hps_hps_io:hps_io|system_bd_sys_hps_hps_io_border:border|hps_sdram:hps_sdram_inst|hps_sdram_pll:pll|afi_clk_write_clk'
Slack : 3.839
TNS   : 0.000

Type  : Slow 1100mV 85C Model Recovery 'i_system_bd|sys_hps|fpga_interfaces|clocks_resets|h2f_user1_clk'
Slack : 6.866
TNS   : 0.000

Type  : Slow 1100mV 85C Model Recovery 'altera_reserved_tck'
Slack : 14.167
TNS   : 0.000

Type  : Slow 1100mV 85C Model Removal 'system_bd:i_system_bd|system_bd_sys_hps:sys_hps|system_bd_sys_hps_hps_io:hps_io|system_bd_sys_hps_hps_io_border:border|hps_sdram:hps_sdram_inst|hps_sdram_pll:pll|afi_clk_write_clk'
Slack : 0.593
TNS   : 0.000

Type  : Slow 1100mV 85C Model Removal 'altera_reserved_tck'
Slack : 1.053
TNS   : 0.000

Type  : Slow 1100mV 85C Model Removal 'i_system_bd|sys_hps|fpga_interfaces|clocks_resets|h2f_user1_clk'
Slack : 1.107
TNS   : 0.000

Type  : Slow 1100mV 85C Model Removal 'i_system_bd|hdmi_pll|altera_pll_i|general[0].gpll~PLL_OUTPUT_COUNTER|divclk'
Slack : 1.110
TNS   : 0.000

Type  : Slow 1100mV 85C Model Minimum Pulse Width 'i_system_bd|hdmi_pll|altera_pll_i|general[0].gpll~FRACTIONAL_PLL|vcoph[0]'
Slack : 0.561
TNS   : 0.000

Type  : Slow 1100mV 85C Model Minimum Pulse Width 'system_bd:i_system_bd|system_bd_sys_hps:sys_hps|system_bd_sys_hps_hps_io:hps_io|system_bd_sys_hps_hps_io_border:border|hps_sdram:hps_sdram_inst|hps_sdram_pll:pll|pll_write_clk_dq_write_clk'
Slack : 0.640
TNS   : 0.000

Type  : Slow 1100mV 85C Model Minimum Pulse Width 'system_bd:i_system_bd|system_bd_sys_hps:sys_hps|system_bd_sys_hps_hps_io:hps_io|system_bd_sys_hps_hps_io_border:border|hps_sdram:hps_sdram_inst|hps_sdram_pll:pll|afi_clk_write_clk'
Slack : 0.656
TNS   : 0.000

Type  : Slow 1100mV 85C Model Minimum Pulse Width 'i_system_bd|spi_engine_pll|altera_pll_i|general[0].gpll~PLL_OUTPUT_COUNTER|divclk'
Slack : 1.340
TNS   : 0.000

Type  : Slow 1100mV 85C Model Minimum Pulse Width 'i_system_bd|spi_engine_pll|altera_pll_i|general[0].gpll~FRACTIONAL_PLL|vcoph[0]'
Slack : 1.500
TNS   : 0.000

Type  : Slow 1100mV 85C Model Minimum Pulse Width 'i_system_bd|hdmi_pll|altera_pll_i|general[0].gpll~PLL_OUTPUT_COUNTER|divclk'
Slack : 1.747
TNS   : 0.000

Type  : Slow 1100mV 85C Model Minimum Pulse Width 'i_system_bd|sys_hps|fpga_interfaces|clocks_resets|h2f_user1_clk'
Slack : 3.372
TNS   : 0.000

Type  : Slow 1100mV 85C Model Minimum Pulse Width 'altera_reserved_tck'
Slack : 15.701
TNS   : 0.000

Type  : Slow 1100mV 0C Model Setup 'i_system_bd|spi_engine_pll|altera_pll_i|general[0].gpll~PLL_OUTPUT_COUNTER|divclk'
Slack : -0.302
TNS   : -0.302

Type  : Slow 1100mV 0C Model Setup 'i_system_bd|hdmi_pll|altera_pll_i|general[0].gpll~PLL_OUTPUT_COUNTER|divclk'
Slack : 0.018
TNS   : 0.000

Type  : Slow 1100mV 0C Model Setup 'i_system_bd|sys_hps|fpga_interfaces|clocks_resets|h2f_user1_clk'
Slack : 1.605
TNS   : 0.000

Type  : Slow 1100mV 0C Model Setup 'system_bd:i_system_bd|system_bd_sys_hps:sys_hps|system_bd_sys_hps_hps_io:hps_io|system_bd_sys_hps_hps_io_border:border|hps_sdram:hps_sdram_inst|hps_sdram_pll:pll|afi_clk_write_clk'
Slack : 1.908
TNS   : 0.000

Type  : Slow 1100mV 0C Model Setup 'altera_reserved_tck'
Slack : 11.457
TNS   : 0.000

Type  : Slow 1100mV 0C Model Hold 'system_bd:i_system_bd|system_bd_sys_hps:sys_hps|system_bd_sys_hps_hps_io:hps_io|system_bd_sys_hps_hps_io_border:border|hps_sdram:hps_sdram_inst|hps_sdram_pll:pll|afi_clk_write_clk'
Slack : 0.228
TNS   : 0.000

Type  : Slow 1100mV 0C Model Hold 'i_system_bd|hdmi_pll|altera_pll_i|general[0].gpll~PLL_OUTPUT_COUNTER|divclk'
Slack : 0.243
TNS   : 0.000

Type  : Slow 1100mV 0C Model Hold 'altera_reserved_tck'
Slack : 0.311
TNS   : 0.000

Type  : Slow 1100mV 0C Model Hold 'i_system_bd|sys_hps|fpga_interfaces|clocks_resets|h2f_user1_clk'
Slack : 0.313
TNS   : 0.000

Type  : Slow 1100mV 0C Model Hold 'i_system_bd|spi_engine_pll|altera_pll_i|general[0].gpll~PLL_OUTPUT_COUNTER|divclk'
Slack : 0.369
TNS   : 0.000

Type  : Slow 1100mV 0C Model Recovery 'i_system_bd|hdmi_pll|altera_pll_i|general[0].gpll~PLL_OUTPUT_COUNTER|divclk'
Slack : 1.787
TNS   : 0.000

Type  : Slow 1100mV 0C Model Recovery 'system_bd:i_system_bd|system_bd_sys_hps:sys_hps|system_bd_sys_hps_hps_io:hps_io|system_bd_sys_hps_hps_io_border:border|hps_sdram:hps_sdram_inst|hps_sdram_pll:pll|afi_clk_write_clk'
Slack : 4.037
TNS   : 0.000

Type  : Slow 1100mV 0C Model Recovery 'i_system_bd|sys_hps|fpga_interfaces|clocks_resets|h2f_user1_clk'
Slack : 6.973
TNS   : 0.000

Type  : Slow 1100mV 0C Model Recovery 'altera_reserved_tck'
Slack : 14.380
TNS   : 0.000

Type  : Slow 1100mV 0C Model Removal 'system_bd:i_system_bd|system_bd_sys_hps:sys_hps|system_bd_sys_hps_hps_io:hps_io|system_bd_sys_hps_hps_io_border:border|hps_sdram:hps_sdram_inst|hps_sdram_pll:pll|afi_clk_write_clk'
Slack : 0.564
TNS   : 0.000

Type  : Slow 1100mV 0C Model Removal 'altera_reserved_tck'
Slack : 1.009
TNS   : 0.000

Type  : Slow 1100mV 0C Model Removal 'i_system_bd|sys_hps|fpga_interfaces|clocks_resets|h2f_user1_clk'
Slack : 1.060
TNS   : 0.000

Type  : Slow 1100mV 0C Model Removal 'i_system_bd|hdmi_pll|altera_pll_i|general[0].gpll~PLL_OUTPUT_COUNTER|divclk'
Slack : 1.080
TNS   : 0.000

Type  : Slow 1100mV 0C Model Minimum Pulse Width 'i_system_bd|hdmi_pll|altera_pll_i|general[0].gpll~FRACTIONAL_PLL|vcoph[0]'
Slack : 0.561
TNS   : 0.000

Type  : Slow 1100mV 0C Model Minimum Pulse Width 'system_bd:i_system_bd|system_bd_sys_hps:sys_hps|system_bd_sys_hps_hps_io:hps_io|system_bd_sys_hps_hps_io_border:border|hps_sdram:hps_sdram_inst|hps_sdram_pll:pll|pll_write_clk_dq_write_clk'
Slack : 0.649
TNS   : 0.000

Type  : Slow 1100mV 0C Model Minimum Pulse Width 'system_bd:i_system_bd|system_bd_sys_hps:sys_hps|system_bd_sys_hps_hps_io:hps_io|system_bd_sys_hps_hps_io_border:border|hps_sdram:hps_sdram_inst|hps_sdram_pll:pll|afi_clk_write_clk'
Slack : 0.670
TNS   : 0.000

Type  : Slow 1100mV 0C Model Minimum Pulse Width 'i_system_bd|spi_engine_pll|altera_pll_i|general[0].gpll~PLL_OUTPUT_COUNTER|divclk'
Slack : 1.311
TNS   : 0.000

Type  : Slow 1100mV 0C Model Minimum Pulse Width 'i_system_bd|spi_engine_pll|altera_pll_i|general[0].gpll~FRACTIONAL_PLL|vcoph[0]'
Slack : 1.500
TNS   : 0.000

Type  : Slow 1100mV 0C Model Minimum Pulse Width 'i_system_bd|hdmi_pll|altera_pll_i|general[0].gpll~PLL_OUTPUT_COUNTER|divclk'
Slack : 1.716
TNS   : 0.000

Type  : Slow 1100mV 0C Model Minimum Pulse Width 'i_system_bd|sys_hps|fpga_interfaces|clocks_resets|h2f_user1_clk'
Slack : 3.345
TNS   : 0.000

Type  : Slow 1100mV 0C Model Minimum Pulse Width 'altera_reserved_tck'
Slack : 15.725
TNS   : 0.000

Type  : Fast 1100mV 85C Model Setup 'system_bd:i_system_bd|system_bd_sys_hps:sys_hps|system_bd_sys_hps_hps_io:hps_io|system_bd_sys_hps_hps_io_border:border|hps_sdram:hps_sdram_inst|hps_sdram_pll:pll|afi_clk_write_clk'
Slack : 2.610
TNS   : 0.000

Type  : Fast 1100mV 85C Model Setup 'i_system_bd|spi_engine_pll|altera_pll_i|general[0].gpll~PLL_OUTPUT_COUNTER|divclk'
Slack : 3.380
TNS   : 0.000

Type  : Fast 1100mV 85C Model Setup 'i_system_bd|hdmi_pll|altera_pll_i|general[0].gpll~PLL_OUTPUT_COUNTER|divclk'
Slack : 3.600
TNS   : 0.000

Type  : Fast 1100mV 85C Model Setup 'i_system_bd|sys_hps|fpga_interfaces|clocks_resets|h2f_user1_clk'
Slack : 6.219
TNS   : 0.000

Type  : Fast 1100mV 85C Model Setup 'altera_reserved_tck'
Slack : 14.473
TNS   : 0.000

Type  : Fast 1100mV 85C Model Hold 'system_bd:i_system_bd|system_bd_sys_hps:sys_hps|system_bd_sys_hps_hps_io:hps_io|system_bd_sys_hps_hps_io_border:border|hps_sdram:hps_sdram_inst|hps_sdram_pll:pll|afi_clk_write_clk'
Slack : 0.084
TNS   : 0.000

Type  : Fast 1100mV 85C Model Hold 'i_system_bd|sys_hps|fpga_interfaces|clocks_resets|h2f_user1_clk'
Slack : 0.146
TNS   : 0.000

Type  : Fast 1100mV 85C Model Hold 'altera_reserved_tck'
Slack : 0.162
TNS   : 0.000

Type  : Fast 1100mV 85C Model Hold 'i_system_bd|spi_engine_pll|altera_pll_i|general[0].gpll~PLL_OUTPUT_COUNTER|divclk'
Slack : 0.179
TNS   : 0.000

Type  : Fast 1100mV 85C Model Hold 'i_system_bd|hdmi_pll|altera_pll_i|general[0].gpll~PLL_OUTPUT_COUNTER|divclk'
Slack : 0.189
TNS   : 0.000

Type  : Fast 1100mV 85C Model Recovery 'i_system_bd|hdmi_pll|altera_pll_i|general[0].gpll~PLL_OUTPUT_COUNTER|divclk'
Slack : 3.903
TNS   : 0.000

Type  : Fast 1100mV 85C Model Recovery 'system_bd:i_system_bd|system_bd_sys_hps:sys_hps|system_bd_sys_hps_hps_io:hps_io|system_bd_sys_hps_hps_io_border:border|hps_sdram:hps_sdram_inst|hps_sdram_pll:pll|afi_clk_write_clk'
Slack : 4.727
TNS   : 0.000

Type  : Fast 1100mV 85C Model Recovery 'i_system_bd|sys_hps|fpga_interfaces|clocks_resets|h2f_user1_clk'
Slack : 8.492
TNS   : 0.000

Type  : Fast 1100mV 85C Model Recovery 'altera_reserved_tck'
Slack : 15.892
TNS   : 0.000

Type  : Fast 1100mV 85C Model Removal 'altera_reserved_tck'
Slack : 0.267
TNS   : 0.000

Type  : Fast 1100mV 85C Model Removal 'i_system_bd|hdmi_pll|altera_pll_i|general[0].gpll~PLL_OUTPUT_COUNTER|divclk'
Slack : 0.455
TNS   : 0.000

Type  : Fast 1100mV 85C Model Removal 'i_system_bd|sys_hps|fpga_interfaces|clocks_resets|h2f_user1_clk'
Slack : 0.455
TNS   : 0.000

Type  : Fast 1100mV 85C Model Removal 'system_bd:i_system_bd|system_bd_sys_hps:sys_hps|system_bd_sys_hps_hps_io:hps_io|system_bd_sys_hps_hps_io_border:border|hps_sdram:hps_sdram_inst|hps_sdram_pll:pll|afi_clk_write_clk'
Slack : 0.497
TNS   : 0.000

Type  : Fast 1100mV 85C Model Minimum Pulse Width 'i_system_bd|hdmi_pll|altera_pll_i|general[0].gpll~FRACTIONAL_PLL|vcoph[0]'
Slack : 0.561
TNS   : 0.000

Type  : Fast 1100mV 85C Model Minimum Pulse Width 'system_bd:i_system_bd|system_bd_sys_hps:sys_hps|system_bd_sys_hps_hps_io:hps_io|system_bd_sys_hps_hps_io_border:border|hps_sdram:hps_sdram_inst|hps_sdram_pll:pll|pll_write_clk_dq_write_clk'
Slack : 1.133
TNS   : 0.000

Type  : Fast 1100mV 85C Model Minimum Pulse Width 'system_bd:i_system_bd|system_bd_sys_hps:sys_hps|system_bd_sys_hps_hps_io:hps_io|system_bd_sys_hps_hps_io_border:border|hps_sdram:hps_sdram_inst|hps_sdram_pll:pll|afi_clk_write_clk'
Slack : 1.141
TNS   : 0.000

Type  : Fast 1100mV 85C Model Minimum Pulse Width 'i_system_bd|spi_engine_pll|altera_pll_i|general[0].gpll~FRACTIONAL_PLL|vcoph[0]'
Slack : 1.500
TNS   : 0.000

Type  : Fast 1100mV 85C Model Minimum Pulse Width 'i_system_bd|spi_engine_pll|altera_pll_i|general[0].gpll~PLL_OUTPUT_COUNTER|divclk'
Slack : 1.873
TNS   : 0.000

Type  : Fast 1100mV 85C Model Minimum Pulse Width 'i_system_bd|hdmi_pll|altera_pll_i|general[0].gpll~PLL_OUTPUT_COUNTER|divclk'
Slack : 2.254
TNS   : 0.000

Type  : Fast 1100mV 85C Model Minimum Pulse Width 'i_system_bd|sys_hps|fpga_interfaces|clocks_resets|h2f_user1_clk'
Slack : 3.900
TNS   : 0.000

Type  : Fast 1100mV 85C Model Minimum Pulse Width 'altera_reserved_tck'
Slack : 15.770
TNS   : 0.000

Type  : Fast 1100mV 0C Model Setup 'system_bd:i_system_bd|system_bd_sys_hps:sys_hps|system_bd_sys_hps_hps_io:hps_io|system_bd_sys_hps_hps_io_border:border|hps_sdram:hps_sdram_inst|hps_sdram_pll:pll|afi_clk_write_clk'
Slack : 2.610
TNS   : 0.000

Type  : Fast 1100mV 0C Model Setup 'i_system_bd|spi_engine_pll|altera_pll_i|general[0].gpll~PLL_OUTPUT_COUNTER|divclk'
Slack : 3.579
TNS   : 0.000

Type  : Fast 1100mV 0C Model Setup 'i_system_bd|hdmi_pll|altera_pll_i|general[0].gpll~PLL_OUTPUT_COUNTER|divclk'
Slack : 3.830
TNS   : 0.000

Type  : Fast 1100mV 0C Model Setup 'i_system_bd|sys_hps|fpga_interfaces|clocks_resets|h2f_user1_clk'
Slack : 6.598
TNS   : 0.000

Type  : Fast 1100mV 0C Model Setup 'altera_reserved_tck'
Slack : 14.708
TNS   : 0.000

Type  : Fast 1100mV 0C Model Hold 'system_bd:i_system_bd|system_bd_sys_hps:sys_hps|system_bd_sys_hps_hps_io:hps_io|system_bd_sys_hps_hps_io_border:border|hps_sdram:hps_sdram_inst|hps_sdram_pll:pll|afi_clk_write_clk'
Slack : 0.077
TNS   : 0.000

Type  : Fast 1100mV 0C Model Hold 'i_system_bd|hdmi_pll|altera_pll_i|general[0].gpll~PLL_OUTPUT_COUNTER|divclk'
Slack : 0.101
TNS   : 0.000

Type  : Fast 1100mV 0C Model Hold 'i_system_bd|sys_hps|fpga_interfaces|clocks_resets|h2f_user1_clk'
Slack : 0.120
TNS   : 0.000

Type  : Fast 1100mV 0C Model Hold 'altera_reserved_tck'
Slack : 0.151
TNS   : 0.000

Type  : Fast 1100mV 0C Model Hold 'i_system_bd|spi_engine_pll|altera_pll_i|general[0].gpll~PLL_OUTPUT_COUNTER|divclk'
Slack : 0.162
TNS   : 0.000

Type  : Fast 1100mV 0C Model Recovery 'i_system_bd|hdmi_pll|altera_pll_i|general[0].gpll~PLL_OUTPUT_COUNTER|divclk'
Slack : 4.230
TNS   : 0.000

Type  : Fast 1100mV 0C Model Recovery 'system_bd:i_system_bd|system_bd_sys_hps:sys_hps|system_bd_sys_hps_hps_io:hps_io|system_bd_sys_hps_hps_io_border:border|hps_sdram:hps_sdram_inst|hps_sdram_pll:pll|afi_clk_write_clk'
Slack : 4.825
TNS   : 0.000

Type  : Fast 1100mV 0C Model Recovery 'i_system_bd|sys_hps|fpga_interfaces|clocks_resets|h2f_user1_clk'
Slack : 8.666
TNS   : 0.000

Type  : Fast 1100mV 0C Model Recovery 'altera_reserved_tck'
Slack : 15.996
TNS   : 0.000

Type  : Fast 1100mV 0C Model Removal 'altera_reserved_tck'
Slack : 0.227
TNS   : 0.000

Type  : Fast 1100mV 0C Model Removal 'i_system_bd|sys_hps|fpga_interfaces|clocks_resets|h2f_user1_clk'
Slack : 0.409
TNS   : 0.000

Type  : Fast 1100mV 0C Model Removal 'i_system_bd|hdmi_pll|altera_pll_i|general[0].gpll~PLL_OUTPUT_COUNTER|divclk'
Slack : 0.412
TNS   : 0.000

Type  : Fast 1100mV 0C Model Removal 'system_bd:i_system_bd|system_bd_sys_hps:sys_hps|system_bd_sys_hps_hps_io:hps_io|system_bd_sys_hps_hps_io_border:border|hps_sdram:hps_sdram_inst|hps_sdram_pll:pll|afi_clk_write_clk'
Slack : 0.473
TNS   : 0.000

Type  : Fast 1100mV 0C Model Minimum Pulse Width 'i_system_bd|hdmi_pll|altera_pll_i|general[0].gpll~FRACTIONAL_PLL|vcoph[0]'
Slack : 0.561
TNS   : 0.000

Type  : Fast 1100mV 0C Model Minimum Pulse Width 'system_bd:i_system_bd|system_bd_sys_hps:sys_hps|system_bd_sys_hps_hps_io:hps_io|system_bd_sys_hps_hps_io_border:border|hps_sdram:hps_sdram_inst|hps_sdram_pll:pll|pll_write_clk_dq_write_clk'
Slack : 1.137
TNS   : 0.000

Type  : Fast 1100mV 0C Model Minimum Pulse Width 'system_bd:i_system_bd|system_bd_sys_hps:sys_hps|system_bd_sys_hps_hps_io:hps_io|system_bd_sys_hps_hps_io_border:border|hps_sdram:hps_sdram_inst|hps_sdram_pll:pll|afi_clk_write_clk'
Slack : 1.144
TNS   : 0.000

Type  : Fast 1100mV 0C Model Minimum Pulse Width 'i_system_bd|spi_engine_pll|altera_pll_i|general[0].gpll~FRACTIONAL_PLL|vcoph[0]'
Slack : 1.500
TNS   : 0.000

Type  : Fast 1100mV 0C Model Minimum Pulse Width 'i_system_bd|spi_engine_pll|altera_pll_i|general[0].gpll~PLL_OUTPUT_COUNTER|divclk'
Slack : 1.874
TNS   : 0.000

Type  : Fast 1100mV 0C Model Minimum Pulse Width 'i_system_bd|hdmi_pll|altera_pll_i|general[0].gpll~PLL_OUTPUT_COUNTER|divclk'
Slack : 2.254
TNS   : 0.000

Type  : Fast 1100mV 0C Model Minimum Pulse Width 'i_system_bd|sys_hps|fpga_interfaces|clocks_resets|h2f_user1_clk'
Slack : 3.900
TNS   : 0.000

Type  : Fast 1100mV 0C Model Minimum Pulse Width 'altera_reserved_tck'
Slack : 15.788
TNS   : 0.000

------------------------------------------------------------
Info: see the "DDR report" for DDR timing results
------------------------------------------------------------
------------------------------------------------------------
